src/components/sections/hero-section.tsx(6,24): error TS2307: Cannot find module '@/assets/logo.png' or its corresponding type declarations.
